Coleta iniciada em: 
Formato das colunas no log: CONTAINER ID        NAME                CPU %               MEM USAGE / LIMIT     MEM %               NET I/O             BLOCK I/O           PIDS
--- START OF STATS ---
2025-09-22 11:49:25
CONTAINER ID   NAME           CPU %     MEM USAGE / LIMIT   MEM %     NET I/O          BLOCK I/O   PIDS
3db4ffbd1425   medapp-app-1   0.16%     267.5MiB / 512MiB   52.25%    3.16MB / 3.9MB   0B / 0B     33
f08e12c0ab44   postgres       0.01%     56.2MiB / 256MiB    21.95%    928kB / 1.58MB   0B / 0B     16
--- END OF SAMPLE 1 ---
2025-09-22 11:49:34
CONTAINER ID   NAME           CPU %     MEM USAGE / LIMIT   MEM %     NET I/O           BLOCK I/O   PIDS
3db4ffbd1425   medapp-app-1   67.93%    271.3MiB / 512MiB   52.99%    3.51MB / 4.36MB   0B / 0B     33
f08e12c0ab44   postgres       3.50%     56.16MiB / 256MiB   21.94%    1.04MB / 1.77MB   0B / 0B     16
--- END OF SAMPLE 2 ---
2025-09-22 11:49:42
CONTAINER ID   NAME           CPU %     MEM USAGE / LIMIT   MEM %     NET I/O           BLOCK I/O   PIDS
3db4ffbd1425   medapp-app-1   96.42%    296.5MiB / 512MiB   57.91%    7MB / 8.75MB      0B / 0B     33
f08e12c0ab44   postgres       10.09%    56.38MiB / 256MiB   22.02%    2.12MB / 3.99MB   0B / 0B     16
--- END OF SAMPLE 3 ---
2025-09-22 11:49:49
CONTAINER ID   NAME           CPU %     MEM USAGE / LIMIT   MEM %     NET I/O           BLOCK I/O   PIDS
3db4ffbd1425   medapp-app-1   106.93%   304.3MiB / 512MiB   59.44%    13.2MB / 16.5MB   0B / 0B     37
f08e12c0ab44   postgres       12.16%    57.21MiB / 256MiB   22.35%    3.83MB / 7.4MB    0B / 0B     16
--- END OF SAMPLE 4 ---
2025-09-22 11:49:57
CONTAINER ID   NAME           CPU %     MEM USAGE / LIMIT   MEM %     NET I/O           BLOCK I/O   PIDS
3db4ffbd1425   medapp-app-1   93.52%    307.1MiB / 512MiB   59.98%    23.2MB / 29.1MB   0B / 0B     43
f08e12c0ab44   postgres       14.75%    57.7MiB / 256MiB    22.54%    5.71MB / 11.7MB   0B / 0B     16
--- END OF SAMPLE 5 ---
2025-09-22 11:50:07
CONTAINER ID   NAME           CPU %     MEM USAGE / LIMIT   MEM %     NET I/O           BLOCK I/O   PIDS
3db4ffbd1425   medapp-app-1   48.44%    315.4MiB / 512MiB   61.60%    32.6MB / 41.1MB   0B / 0B     46
f08e12c0ab44   postgres       15.31%    57.67MiB / 256MiB   22.53%    8.23MB / 18MB     0B / 0B     16
--- END OF SAMPLE 6 ---
2025-09-22 11:50:14
CONTAINER ID   NAME           CPU %     MEM USAGE / LIMIT   MEM %     NET I/O           BLOCK I/O   PIDS
3db4ffbd1425   medapp-app-1   61.03%    316MiB / 512MiB     61.72%    43.4MB / 55.1MB   0B / 0B     52
f08e12c0ab44   postgres       14.81%    57.58MiB / 256MiB   22.49%    10.6MB / 24.5MB   0B / 0B     16
--- END OF SAMPLE 7 ---
2025-09-22 11:50:21
CONTAINER ID   NAME           CPU %     MEM USAGE / LIMIT   MEM %     NET I/O           BLOCK I/O   PIDS
3db4ffbd1425   medapp-app-1   37.27%    316.6MiB / 512MiB   61.83%    55.6MB / 71.1MB   0B / 0B     55
f08e12c0ab44   postgres       14.00%    57.68MiB / 256MiB   22.53%    12.8MB / 31.1MB   0B / 0B     16
--- END OF SAMPLE 8 ---
2025-09-22 11:50:29
CONTAINER ID   NAME           CPU %     MEM USAGE / LIMIT   MEM %     NET I/O           BLOCK I/O   PIDS
3db4ffbd1425   medapp-app-1   35.60%    317MiB / 512MiB     61.92%    68.1MB / 87.4MB   0B / 0B     58
f08e12c0ab44   postgres       13.15%    57.82MiB / 256MiB   22.59%    15.4MB / 39.2MB   0B / 0B     16
--- END OF SAMPLE 9 ---
2025-09-22 11:50:39
CONTAINER ID   NAME           CPU %     MEM USAGE / LIMIT   MEM %     NET I/O          BLOCK I/O   PIDS
3db4ffbd1425   medapp-app-1   42.61%    319.3MiB / 512MiB   62.36%    78.6MB / 101MB   0B / 0B     65
f08e12c0ab44   postgres       14.30%    58.19MiB / 256MiB   22.73%    18MB / 48.2MB    0B / 0B     16
--- END OF SAMPLE 10 ---
2025-09-22 11:50:47
CONTAINER ID   NAME           CPU %     MEM USAGE / LIMIT   MEM %     NET I/O           BLOCK I/O   PIDS
3db4ffbd1425   medapp-app-1   52.87%    320.2MiB / 512MiB   62.54%    91.1MB / 118MB    0B / 0B     73
f08e12c0ab44   postgres       17.46%    58.34MiB / 256MiB   22.79%    19.9MB / 55.6MB   0B / 0B     16
--- END OF SAMPLE 11 ---
2025-09-22 11:50:53
CONTAINER ID   NAME           CPU %     MEM USAGE / LIMIT   MEM %     NET I/O           BLOCK I/O   PIDS
3db4ffbd1425   medapp-app-1   44.18%    320.4MiB / 512MiB   62.58%    107MB / 139MB     0B / 0B     74
f08e12c0ab44   postgres       17.25%    58.46MiB / 256MiB   22.84%    22.7MB / 66.5MB   0B / 0B     16
--- END OF SAMPLE 12 ---
2025-09-22 11:51:01
CONTAINER ID   NAME           CPU %     MEM USAGE / LIMIT   MEM %     NET I/O           BLOCK I/O   PIDS
3db4ffbd1425   medapp-app-1   42.45%    320.4MiB / 512MiB   62.58%    122MB / 159MB     0B / 0B     74
f08e12c0ab44   postgres       16.01%    59.68MiB / 256MiB   23.31%    25.6MB / 78.5MB   0B / 0B     16
--- END OF SAMPLE 13 ---
2025-09-22 11:51:11
CONTAINER ID   NAME           CPU %     MEM USAGE / LIMIT   MEM %     NET I/O         BLOCK I/O   PIDS
3db4ffbd1425   medapp-app-1   40.72%    321.9MiB / 512MiB   62.87%    142MB / 186MB   0B / 0B     86
f08e12c0ab44   postgres       15.83%    59.68MiB / 256MiB   23.31%    28MB / 89.5MB   0B / 0B     16
--- END OF SAMPLE 14 ---
2025-09-22 11:51:18
CONTAINER ID   NAME           CPU %     MEM USAGE / LIMIT   MEM %     NET I/O          BLOCK I/O   PIDS
3db4ffbd1425   medapp-app-1   42.08%    321.9MiB / 512MiB   62.87%    158MB / 207MB    0B / 0B     86
f08e12c0ab44   postgres       14.95%    59.73MiB / 256MiB   23.33%    31.2MB / 104MB   0B / 0B     16
--- END OF SAMPLE 15 ---
2025-09-22 11:51:26
CONTAINER ID   NAME           CPU %     MEM USAGE / LIMIT   MEM %     NET I/O          BLOCK I/O   PIDS
3db4ffbd1425   medapp-app-1   39.08%    322.2MiB / 512MiB   62.92%    176MB / 232MB    0B / 0B     88
f08e12c0ab44   postgres       15.82%    60.25MiB / 256MiB   23.54%    33.6MB / 116MB   0B / 0B     16
--- END OF SAMPLE 16 ---
2025-09-22 11:51:33
CONTAINER ID   NAME           CPU %     MEM USAGE / LIMIT   MEM %     NET I/O         BLOCK I/O   PIDS
3db4ffbd1425   medapp-app-1   37.71%    322.5MiB / 512MiB   62.99%    193MB / 255MB   0B / 0B     90
f08e12c0ab44   postgres       14.91%    60.3MiB / 256MiB    23.55%    36MB / 128MB    0B / 0B     16
--- END OF SAMPLE 17 ---
2025-09-22 11:51:43
CONTAINER ID   NAME           CPU %     MEM USAGE / LIMIT   MEM %     NET I/O          BLOCK I/O   PIDS
3db4ffbd1425   medapp-app-1   50.42%    327.6MiB / 512MiB   63.99%    208MB / 274MB    0B / 0B     103
f08e12c0ab44   postgres       17.94%    60.47MiB / 256MiB   23.62%    38.4MB / 141MB   0B / 0B     16
--- END OF SAMPLE 18 ---
2025-09-22 11:51:50
CONTAINER ID   NAME           CPU %     MEM USAGE / LIMIT   MEM %     NET I/O         BLOCK I/O   PIDS
3db4ffbd1425   medapp-app-1   40.63%    327.7MiB / 512MiB   63.99%    233MB / 308MB   0B / 0B     103
f08e12c0ab44   postgres       18.01%    60.55MiB / 256MiB   23.65%    41MB / 156MB    0B / 0B     16
--- END OF SAMPLE 19 ---
2025-09-22 11:51:58
CONTAINER ID   NAME           CPU %     MEM USAGE / LIMIT   MEM %     NET I/O          BLOCK I/O   PIDS
3db4ffbd1425   medapp-app-1   43.74%    327.6MiB / 512MiB   63.99%    255MB / 339MB    0B / 0B     103
f08e12c0ab44   postgres       15.54%    61.35MiB / 256MiB   23.97%    43.8MB / 173MB   0B / 0B     16
--- END OF SAMPLE 20 ---
2025-09-22 11:52:05
CONTAINER ID   NAME           CPU %     MEM USAGE / LIMIT   MEM %     NET I/O          BLOCK I/O   PIDS
3db4ffbd1425   medapp-app-1   45.93%    328.6MiB / 512MiB   64.18%    275MB / 365MB    0B / 0B     110
f08e12c0ab44   postgres       15.67%    61.35MiB / 256MiB   23.96%    46.7MB / 190MB   0B / 0B     16
--- END OF SAMPLE 21 ---
2025-09-22 11:52:15
CONTAINER ID   NAME           CPU %     MEM USAGE / LIMIT   MEM %     NET I/O          BLOCK I/O   PIDS
3db4ffbd1425   medapp-app-1   45.75%    328.6MiB / 512MiB   64.18%    296MB / 394MB    0B / 0B     110
f08e12c0ab44   postgres       16.93%    61.35MiB / 256MiB   23.96%    49.2MB / 206MB   0B / 0B     16
--- END OF SAMPLE 22 ---
2025-09-22 11:52:22
CONTAINER ID   NAME           CPU %     MEM USAGE / LIMIT   MEM %     NET I/O          BLOCK I/O   PIDS
3db4ffbd1425   medapp-app-1   40.82%    328.3MiB / 512MiB   64.13%    315MB / 420MB    0B / 0B     110
f08e12c0ab44   postgres       16.42%    61.26MiB / 256MiB   23.93%    51.5MB / 222MB   0B / 0B     16
--- END OF SAMPLE 23 ---
2025-09-22 11:52:29
CONTAINER ID   NAME           CPU %     MEM USAGE / LIMIT   MEM %     NET I/O          BLOCK I/O   PIDS
3db4ffbd1425   medapp-app-1   41.63%    328.3MiB / 512MiB   64.13%    335MB / 446MB    0B / 0B     110
f08e12c0ab44   postgres       15.08%    61.27MiB / 256MiB   23.93%    54.1MB / 239MB   0B / 0B     16
--- END OF SAMPLE 24 ---
2025-09-22 11:52:36
CONTAINER ID   NAME           CPU %     MEM USAGE / LIMIT   MEM %     NET I/O          BLOCK I/O   PIDS
3db4ffbd1425   medapp-app-1   49.37%    328.3MiB / 512MiB   64.12%    358MB / 479MB    0B / 0B     110
f08e12c0ab44   postgres       17.68%    61.27MiB / 256MiB   23.93%    56.1MB / 253MB   0B / 0B     16
--- END OF SAMPLE 25 ---
2025-09-22 11:52:47
CONTAINER ID   NAME           CPU %     MEM USAGE / LIMIT   MEM %     NET I/O          BLOCK I/O   PIDS
3db4ffbd1425   medapp-app-1   42.96%    331.5MiB / 512MiB   64.74%    382MB / 511MB    0B / 0B     124
f08e12c0ab44   postgres       17.28%    61.86MiB / 256MiB   24.17%    59.1MB / 274MB   0B / 0B     16
--- END OF SAMPLE 26 ---
2025-09-22 11:52:53
CONTAINER ID   NAME           CPU %     MEM USAGE / LIMIT   MEM %     NET I/O         BLOCK I/O   PIDS
3db4ffbd1425   medapp-app-1   43.54%    335.2MiB / 512MiB   65.46%    406MB / 544MB   0B / 0B     136
f08e12c0ab44   postgres       17.20%    61.89MiB / 256MiB   24.18%    62MB / 296MB    0B / 0B     16
--- END OF SAMPLE 27 ---
2025-09-22 11:53:01
CONTAINER ID   NAME           CPU %     MEM USAGE / LIMIT   MEM %     NET I/O          BLOCK I/O   PIDS
3db4ffbd1425   medapp-app-1   36.27%    335.7MiB / 512MiB   65.56%    436MB / 585MB    0B / 0B     136
f08e12c0ab44   postgres       18.08%    62.1MiB / 256MiB    24.26%    64.4MB / 315MB   0B / 0B     16
--- END OF SAMPLE 28 ---
2025-09-22 11:53:09
CONTAINER ID   NAME           CPU %     MEM USAGE / LIMIT   MEM %     NET I/O          BLOCK I/O   PIDS
3db4ffbd1425   medapp-app-1   41.14%    335.6MiB / 512MiB   65.55%    463MB / 623MB    0B / 0B     136
f08e12c0ab44   postgres       16.86%    62.08MiB / 256MiB   24.25%    67.1MB / 337MB   0B / 0B     16
--- END OF SAMPLE 29 ---
2025-09-22 11:53:19
CONTAINER ID   NAME           CPU %     MEM USAGE / LIMIT   MEM %     NET I/O         BLOCK I/O   PIDS
3db4ffbd1425   medapp-app-1   46.86%    353.4MiB / 512MiB   69.03%    485MB / 653MB   0B / 0B     175
f08e12c0ab44   postgres       17.00%    62.07MiB / 256MiB   24.24%    70MB / 361MB    0B / 0B     16
--- END OF SAMPLE 30 ---
2025-09-22 11:53:26
CONTAINER ID   NAME           CPU %     MEM USAGE / LIMIT   MEM %     NET I/O          BLOCK I/O   PIDS
3db4ffbd1425   medapp-app-1   36.65%    354.4MiB / 512MiB   69.22%    515MB / 694MB    0B / 0B     175
f08e12c0ab44   postgres       14.63%    62.15MiB / 256MiB   24.28%    72.6MB / 382MB   0B / 0B     16
--- END OF SAMPLE 31 ---
2025-09-22 11:53:34
CONTAINER ID   NAME           CPU %     MEM USAGE / LIMIT   MEM %     NET I/O         BLOCK I/O   PIDS
3db4ffbd1425   medapp-app-1   48.42%    355.4MiB / 512MiB   69.42%    540MB / 730MB   0B / 0B     175
f08e12c0ab44   postgres       18.74%    62.18MiB / 256MiB   24.29%    75MB / 403MB    0B / 0B     16
--- END OF SAMPLE 32 ---
2025-09-22 11:53:41
CONTAINER ID   NAME           CPU %     MEM USAGE / LIMIT   MEM %     NET I/O          BLOCK I/O   PIDS
3db4ffbd1425   medapp-app-1   40.00%    357.7MiB / 512MiB   69.87%    567MB / 767MB    0B / 0B     188
f08e12c0ab44   postgres       17.52%    62.19MiB / 256MiB   24.29%    77.8MB / 429MB   0B / 0B     16
--- END OF SAMPLE 33 ---
2025-09-22 11:53:51
CONTAINER ID   NAME           CPU %     MEM USAGE / LIMIT   MEM %     NET I/O          BLOCK I/O   PIDS
3db4ffbd1425   medapp-app-1   41.81%    357.7MiB / 512MiB   69.87%    599MB / 811MB    0B / 0B     188
f08e12c0ab44   postgres       18.25%    62.66MiB / 256MiB   24.48%    80.7MB / 456MB   0B / 0B     16
--- END OF SAMPLE 34 ---
2025-09-22 11:53:59
CONTAINER ID   NAME           CPU %     MEM USAGE / LIMIT   MEM %     NET I/O          BLOCK I/O   PIDS
3db4ffbd1425   medapp-app-1   37.03%    357.8MiB / 512MiB   69.88%    630MB / 854MB    0B / 0B     188
f08e12c0ab44   postgres       16.71%    62.65MiB / 256MiB   24.47%    83.4MB / 481MB   0B / 0B     16
--- END OF SAMPLE 35 ---
2025-09-22 11:54:06
CONTAINER ID   NAME           CPU %     MEM USAGE / LIMIT   MEM %     NET I/O          BLOCK I/O   PIDS
3db4ffbd1425   medapp-app-1   40.99%    357.8MiB / 512MiB   69.87%    662MB / 899MB    0B / 0B     188
f08e12c0ab44   postgres       16.08%    62.64MiB / 256MiB   24.47%    85.9MB / 505MB   0B / 0B     16
--- END OF SAMPLE 36 ---
2025-09-22 11:54:13
CONTAINER ID   NAME           CPU %     MEM USAGE / LIMIT   MEM %     NET I/O          BLOCK I/O   PIDS
3db4ffbd1425   medapp-app-1   41.00%    366.2MiB / 512MiB   71.53%    691MB / 939MB    0B / 0B     211
f08e12c0ab44   postgres       15.86%    62.62MiB / 256MiB   24.46%    88.3MB / 529MB   0B / 0B     16
--- END OF SAMPLE 37 ---
2025-09-22 11:54:20
CONTAINER ID   NAME           CPU %     MEM USAGE / LIMIT   MEM %     NET I/O          BLOCK I/O   PIDS
3db4ffbd1425   medapp-app-1   41.73%    366.3MiB / 512MiB   71.54%    718MB / 976MB    0B / 0B     211
f08e12c0ab44   postgres       16.03%    62.61MiB / 256MiB   24.46%    90.9MB / 556MB   0B / 0B     16
--- END OF SAMPLE 38 ---
2025-09-22 11:54:31
CONTAINER ID   NAME           CPU %     MEM USAGE / LIMIT   MEM %     NET I/O          BLOCK I/O   PIDS
3db4ffbd1425   medapp-app-1   47.06%    366.3MiB / 512MiB   71.54%    755MB / 1.03GB   0B / 0B     211
f08e12c0ab44   postgres       17.56%    62.61MiB / 256MiB   24.46%    93.1MB / 579MB   0B / 0B     16
--- END OF SAMPLE 39 ---
2025-09-22 11:54:38
CONTAINER ID   NAME           CPU %     MEM USAGE / LIMIT   MEM %     NET I/O          BLOCK I/O   PIDS
3db4ffbd1425   medapp-app-1   48.53%    366.3MiB / 512MiB   71.54%    786MB / 1.07GB   0B / 0B     211
f08e12c0ab44   postgres       17.99%    62.61MiB / 256MiB   24.46%    96.4MB / 613MB   0B / 0B     16
--- END OF SAMPLE 40 ---
2025-09-22 11:54:46
CONTAINER ID   NAME           CPU %     MEM USAGE / LIMIT   MEM %     NET I/O          BLOCK I/O   PIDS
3db4ffbd1425   medapp-app-1   47.46%    366.4MiB / 512MiB   71.56%    821MB / 1.12GB   0B / 0B     211
f08e12c0ab44   postgres       18.66%    62.6MiB / 256MiB    24.45%    98.9MB / 639MB   0B / 0B     16
--- END OF SAMPLE 41 ---
2025-09-22 11:54:53
CONTAINER ID   NAME           CPU %     MEM USAGE / LIMIT   MEM %     NET I/O          BLOCK I/O   PIDS
3db4ffbd1425   medapp-app-1   38.96%    366.3MiB / 512MiB   71.54%    852MB / 1.16GB   0B / 0B     211
f08e12c0ab44   postgres       14.97%    62.58MiB / 256MiB   24.45%    101MB / 665MB    0B / 0B     16
--- END OF SAMPLE 42 ---
2025-09-22 11:55:03
CONTAINER ID   NAME           CPU %     MEM USAGE / LIMIT   MEM %     NET I/O          BLOCK I/O   PIDS
3db4ffbd1425   medapp-app-1   43.56%    366.3MiB / 512MiB   71.55%    886MB / 1.21GB   0B / 0B     211
f08e12c0ab44   postgres       17.31%    62.68MiB / 256MiB   24.48%    104MB / 691MB    0B / 0B     16
--- END OF SAMPLE 43 ---
2025-09-22 11:55:10
CONTAINER ID   NAME           CPU %     MEM USAGE / LIMIT   MEM %     NET I/O          BLOCK I/O   PIDS
3db4ffbd1425   medapp-app-1   38.24%    370.8MiB / 512MiB   72.43%    916MB / 1.25GB   0B / 0B     224
f08e12c0ab44   postgres       16.31%    62.71MiB / 256MiB   24.50%    106MB / 716MB    0B / 0B     16
--- END OF SAMPLE 44 ---
2025-09-22 11:55:18
CONTAINER ID   NAME           CPU %     MEM USAGE / LIMIT   MEM %     NET I/O          BLOCK I/O   PIDS
3db4ffbd1425   medapp-app-1   40.54%    371.2MiB / 512MiB   72.50%    944MB / 1.29GB   0B / 0B     224
f08e12c0ab44   postgres       16.46%    62.88MiB / 256MiB   24.56%    109MB / 747MB    0B / 0B     16
--- END OF SAMPLE 45 ---
2025-09-22 11:55:25
CONTAINER ID   NAME           CPU %     MEM USAGE / LIMIT   MEM %     NET I/O          BLOCK I/O   PIDS
3db4ffbd1425   medapp-app-1   47.39%    371.2MiB / 512MiB   72.50%    976MB / 1.33GB   0B / 0B     224
f08e12c0ab44   postgres       19.55%    62.94MiB / 256MiB   24.59%    111MB / 771MB    0B / 0B     16
--- END OF SAMPLE 46 ---
2025-09-22 11:55:35
CONTAINER ID   NAME           CPU %     MEM USAGE / LIMIT   MEM %     NET I/O           BLOCK I/O   PIDS
3db4ffbd1425   medapp-app-1   43.93%    371.3MiB / 512MiB   72.51%    1.01GB / 1.38GB   0B / 0B     224
f08e12c0ab44   postgres       16.87%    63.01MiB / 256MiB   24.61%    114MB / 800MB     0B / 0B     16
--- END OF SAMPLE 47 ---
2025-09-22 11:55:42
CONTAINER ID   NAME           CPU %     MEM USAGE / LIMIT   MEM %     NET I/O           BLOCK I/O   PIDS
3db4ffbd1425   medapp-app-1   44.82%    369.9MiB / 512MiB   72.25%    1.04GB / 1.42GB   0B / 0B     224
f08e12c0ab44   postgres       16.43%    61.73MiB / 256MiB   24.11%    117MB / 829MB     0B / 0B     16
--- END OF SAMPLE 48 ---
2025-09-22 11:55:50
CONTAINER ID   NAME           CPU %     MEM USAGE / LIMIT   MEM %     NET I/O           BLOCK I/O   PIDS
3db4ffbd1425   medapp-app-1   43.01%    370.3MiB / 512MiB   72.32%    1.07GB / 1.47GB   0B / 0B     224
f08e12c0ab44   postgres       15.63%    61.3MiB / 256MiB    23.95%    120MB / 857MB     0B / 0B     16
--- END OF SAMPLE 49 ---
2025-09-22 11:55:57
CONTAINER ID   NAME           CPU %     MEM USAGE / LIMIT   MEM %     NET I/O           BLOCK I/O   PIDS
3db4ffbd1425   medapp-app-1   44.61%    370.3MiB / 512MiB   72.32%    1.11GB / 1.52GB   0B / 0B     224
f08e12c0ab44   postgres       16.64%    61.32MiB / 256MiB   23.95%    122MB / 885MB     0B / 0B     16
--- END OF SAMPLE 50 ---
2025-09-22 11:56:07
CONTAINER ID   NAME           CPU %     MEM USAGE / LIMIT   MEM %     NET I/O           BLOCK I/O   PIDS
3db4ffbd1425   medapp-app-1   42.35%    372.5MiB / 512MiB   72.75%    1.14GB / 1.56GB   0B / 0B     224
f08e12c0ab44   postgres       16.91%    61.32MiB / 256MiB   23.95%    124MB / 907MB     0B / 0B     16
--- END OF SAMPLE 51 ---
2025-09-22 11:56:14
CONTAINER ID   NAME           CPU %     MEM USAGE / LIMIT   MEM %     NET I/O          BLOCK I/O   PIDS
3db4ffbd1425   medapp-app-1   45.21%    372.5MiB / 512MiB   72.75%    1.17GB / 1.6GB   0B / 0B     224
f08e12c0ab44   postgres       18.19%    61.32MiB / 256MiB   23.95%    127MB / 933MB    0B / 0B     16
--- END OF SAMPLE 52 ---
2025-09-22 11:56:21
CONTAINER ID   NAME           CPU %     MEM USAGE / LIMIT   MEM %     NET I/O           BLOCK I/O   PIDS
3db4ffbd1425   medapp-app-1   43.04%    372.5MiB / 512MiB   72.75%    1.19GB / 1.64GB   0B / 0B     224
f08e12c0ab44   postgres       19.25%    61.32MiB / 256MiB   23.95%    129MB / 959MB     0B / 0B     16
--- END OF SAMPLE 53 ---
2025-09-22 11:56:29
CONTAINER ID   NAME           CPU %     MEM USAGE / LIMIT   MEM %     NET I/O           BLOCK I/O   PIDS
3db4ffbd1425   medapp-app-1   45.55%    372.5MiB / 512MiB   72.76%    1.23GB / 1.69GB   0B / 0B     224
f08e12c0ab44   postgres       18.94%    61.34MiB / 256MiB   23.96%    132MB / 986MB     0B / 0B     16
--- END OF SAMPLE 54 ---
2025-09-22 11:56:39
CONTAINER ID   NAME           CPU %     MEM USAGE / LIMIT   MEM %     NET I/O           BLOCK I/O   PIDS
3db4ffbd1425   medapp-app-1   44.33%    372.5MiB / 512MiB   72.76%    1.27GB / 1.74GB   0B / 0B     224
f08e12c0ab44   postgres       18.10%    61.37MiB / 256MiB   23.97%    135MB / 1.01GB    0B / 0B     16
--- END OF SAMPLE 55 ---
2025-09-22 11:56:47
CONTAINER ID   NAME           CPU %     MEM USAGE / LIMIT   MEM %     NET I/O          BLOCK I/O   PIDS
3db4ffbd1425   medapp-app-1   43.95%    372.5MiB / 512MiB   72.75%    1.3GB / 1.78GB   0B / 0B     224
f08e12c0ab44   postgres       17.06%    61.39MiB / 256MiB   23.98%    138MB / 1.04GB   0B / 0B     16
--- END OF SAMPLE 56 ---
2025-09-22 11:56:54
CONTAINER ID   NAME           CPU %     MEM USAGE / LIMIT   MEM %     NET I/O           BLOCK I/O   PIDS
3db4ffbd1425   medapp-app-1   42.21%    372.5MiB / 512MiB   72.76%    1.33GB / 1.83GB   0B / 0B     224
f08e12c0ab44   postgres       16.38%    61.41MiB / 256MiB   23.99%    140MB / 1.07GB    0B / 0B     16
--- END OF SAMPLE 57 ---
2025-09-22 11:57:01
CONTAINER ID   NAME           CPU %     MEM USAGE / LIMIT   MEM %     NET I/O           BLOCK I/O   PIDS
3db4ffbd1425   medapp-app-1   41.65%    372.5MiB / 512MiB   72.75%    1.36GB / 1.87GB   0B / 0B     224
f08e12c0ab44   postgres       12.97%    61.44MiB / 256MiB   24.00%    142MB / 1.09GB    0B / 0B     16
--- END OF SAMPLE 58 ---
2025-09-22 11:57:11
CONTAINER ID   NAME           CPU %     MEM USAGE / LIMIT   MEM %     NET I/O           BLOCK I/O   PIDS
3db4ffbd1425   medapp-app-1   41.49%    372.5MiB / 512MiB   72.75%    1.39GB / 1.91GB   0B / 0B     224
f08e12c0ab44   postgres       16.46%    61.46MiB / 256MiB   24.01%    145MB / 1.12GB    0B / 0B     16
--- END OF SAMPLE 59 ---
2025-09-22 11:57:19
CONTAINER ID   NAME           CPU %     MEM USAGE / LIMIT   MEM %     NET I/O           BLOCK I/O   PIDS
3db4ffbd1425   medapp-app-1   46.48%    372.5MiB / 512MiB   72.75%    1.42GB / 1.95GB   0B / 0B     224
f08e12c0ab44   postgres       18.60%    61.48MiB / 256MiB   24.02%    147MB / 1.14GB    0B / 0B     16
--- END OF SAMPLE 60 ---
2025-09-22 11:57:26
CONTAINER ID   NAME           CPU %     MEM USAGE / LIMIT   MEM %     NET I/O           BLOCK I/O   PIDS
3db4ffbd1425   medapp-app-1   47.43%    372.5MiB / 512MiB   72.75%    1.45GB / 1.99GB   0B / 0B     224
f08e12c0ab44   postgres       18.95%    61.5MiB / 256MiB    24.02%    150MB / 1.17GB    0B / 0B     16
--- END OF SAMPLE 61 ---
2025-09-22 11:57:33
CONTAINER ID   NAME           CPU %     MEM USAGE / LIMIT   MEM %     NET I/O           BLOCK I/O   PIDS
3db4ffbd1425   medapp-app-1   40.56%    372.5MiB / 512MiB   72.75%    1.48GB / 2.04GB   0B / 0B     224
f08e12c0ab44   postgres       16.06%    61.49MiB / 256MiB   24.02%    153MB / 1.2GB     0B / 0B     16
--- END OF SAMPLE 62 ---
2025-09-22 11:57:43
CONTAINER ID   NAME           CPU %     MEM USAGE / LIMIT   MEM %     NET I/O           BLOCK I/O   PIDS
3db4ffbd1425   medapp-app-1   44.13%    372.5MiB / 512MiB   72.75%    1.52GB / 2.09GB   0B / 0B     224
f08e12c0ab44   postgres       17.05%    61.5MiB / 256MiB    24.02%    155MB / 1.23GB    0B / 0B     16
--- END OF SAMPLE 63 ---
2025-09-22 11:57:50
CONTAINER ID   NAME           CPU %     MEM USAGE / LIMIT   MEM %     NET I/O           BLOCK I/O   PIDS
3db4ffbd1425   medapp-app-1   44.64%    372.5MiB / 512MiB   72.75%    1.55GB / 2.13GB   0B / 0B     224
f08e12c0ab44   postgres       17.14%    61.52MiB / 256MiB   24.03%    158MB / 1.25GB    0B / 0B     16
--- END OF SAMPLE 64 ---
2025-09-22 11:57:57
CONTAINER ID   NAME           CPU %     MEM USAGE / LIMIT   MEM %     NET I/O           BLOCK I/O   PIDS
3db4ffbd1425   medapp-app-1   39.11%    372.5MiB / 512MiB   72.75%    1.57GB / 2.16GB   0B / 0B     224
f08e12c0ab44   postgres       15.53%    61.52MiB / 256MiB   24.03%    160MB / 1.28GB    0B / 0B     16
--- END OF SAMPLE 65 ---
2025-09-22 11:58:05
CONTAINER ID   NAME           CPU %     MEM USAGE / LIMIT   MEM %     NET I/O           BLOCK I/O   PIDS
3db4ffbd1425   medapp-app-1   44.58%    372.5MiB / 512MiB   72.75%    1.61GB / 2.21GB   0B / 0B     224
f08e12c0ab44   postgres       17.41%    61.55MiB / 256MiB   24.04%    163MB / 1.3GB     0B / 0B     16
--- END OF SAMPLE 66 ---
2025-09-22 11:58:14
CONTAINER ID   NAME           CPU %     MEM USAGE / LIMIT   MEM %     NET I/O           BLOCK I/O   PIDS
3db4ffbd1425   medapp-app-1   50.56%    372.6MiB / 512MiB   72.78%    1.63GB / 2.24GB   0B / 0B     224
f08e12c0ab44   postgres       18.82%    61.57MiB / 256MiB   24.05%    165MB / 1.33GB    0B / 0B     16
--- END OF SAMPLE 67 ---
2025-09-22 11:58:22
CONTAINER ID   NAME           CPU %     MEM USAGE / LIMIT   MEM %     NET I/O          BLOCK I/O   PIDS
3db4ffbd1425   medapp-app-1   51.63%    372.5MiB / 512MiB   72.75%    1.67GB / 2.3GB   0B / 0B     224
f08e12c0ab44   postgres       17.74%    61.6MiB / 256MiB    24.06%    168MB / 1.36GB   0B / 0B     16
--- END OF SAMPLE 68 ---
2025-09-22 11:58:29
CONTAINER ID   NAME           CPU %     MEM USAGE / LIMIT   MEM %     NET I/O          BLOCK I/O   PIDS
3db4ffbd1425   medapp-app-1   44.94%    372.3MiB / 512MiB   72.71%    1.7GB / 2.34GB   0B / 0B     224
f08e12c0ab44   postgres       16.64%    61.62MiB / 256MiB   24.07%    171MB / 1.39GB   0B / 0B     16
--- END OF SAMPLE 69 ---
2025-09-22 11:58:37
CONTAINER ID   NAME           CPU %     MEM USAGE / LIMIT   MEM %     NET I/O           BLOCK I/O   PIDS
3db4ffbd1425   medapp-app-1   44.07%    372.4MiB / 512MiB   72.73%    1.74GB / 2.39GB   0B / 0B     224
f08e12c0ab44   postgres       16.65%    61.64MiB / 256MiB   24.08%    174MB / 1.42GB    0B / 0B     16
--- END OF SAMPLE 70 ---
2025-09-22 11:58:47
CONTAINER ID   NAME           CPU %     MEM USAGE / LIMIT   MEM %     NET I/O           BLOCK I/O   PIDS
3db4ffbd1425   medapp-app-1   42.09%    372.3MiB / 512MiB   72.71%    1.77GB / 2.44GB   0B / 0B     224
f08e12c0ab44   postgres       16.29%    61.86MiB / 256MiB   24.16%    176MB / 1.44GB    0B / 0B     16
--- END OF SAMPLE 71 ---
2025-09-22 11:58:55
CONTAINER ID   NAME           CPU %     MEM USAGE / LIMIT   MEM %     NET I/O          BLOCK I/O   PIDS
3db4ffbd1425   medapp-app-1   48.51%    372MiB / 512MiB     72.65%    1.8GB / 2.48GB   0B / 0B     224
f08e12c0ab44   postgres       16.05%    62.18MiB / 256MiB   24.29%    179MB / 1.47GB   0B / 0B     16
--- END OF SAMPLE 72 ---
2025-09-22 11:59:02
CONTAINER ID   NAME           CPU %     MEM USAGE / LIMIT   MEM %     NET I/O           BLOCK I/O   PIDS
3db4ffbd1425   medapp-app-1   41.40%    371.8MiB / 512MiB   72.61%    1.83GB / 2.52GB   0B / 0B     224
f08e12c0ab44   postgres       16.50%    62.23MiB / 256MiB   24.31%    181MB / 1.5GB     0B / 0B     16
--- END OF SAMPLE 73 ---
2025-09-22 11:59:09
CONTAINER ID   NAME           CPU %     MEM USAGE / LIMIT   MEM %     NET I/O           BLOCK I/O   PIDS
3db4ffbd1425   medapp-app-1   46.80%    371.8MiB / 512MiB   72.62%    1.86GB / 2.56GB   0B / 0B     224
f08e12c0ab44   postgres       18.98%    62.25MiB / 256MiB   24.32%    183MB / 1.52GB    0B / 0B     16
--- END OF SAMPLE 74 ---
2025-09-22 11:59:20
CONTAINER ID   NAME           CPU %     MEM USAGE / LIMIT   MEM %     NET I/O           BLOCK I/O   PIDS
3db4ffbd1425   medapp-app-1   46.47%    371.8MiB / 512MiB   72.61%    1.89GB / 2.61GB   0B / 0B     224
f08e12c0ab44   postgres       17.68%    62.26MiB / 256MiB   24.32%    187MB / 1.55GB    0B / 0B     16
--- END OF SAMPLE 75 ---
2025-09-22 11:59:27
CONTAINER ID   NAME           CPU %     MEM USAGE / LIMIT   MEM %     NET I/O           BLOCK I/O   PIDS
3db4ffbd1425   medapp-app-1   43.49%    371.8MiB / 512MiB   72.61%    1.93GB / 2.65GB   0B / 0B     224
f08e12c0ab44   postgres       17.16%    62.26MiB / 256MiB   24.32%    189MB / 1.58GB    0B / 0B     16
--- END OF SAMPLE 76 ---
2025-09-22 11:59:34
CONTAINER ID   NAME           CPU %     MEM USAGE / LIMIT   MEM %     NET I/O          BLOCK I/O   PIDS
3db4ffbd1425   medapp-app-1   42.52%    371.8MiB / 512MiB   72.61%    1.96GB / 2.7GB   0B / 0B     224
f08e12c0ab44   postgres       17.00%    62.26MiB / 256MiB   24.32%    192MB / 1.6GB    0B / 0B     16
--- END OF SAMPLE 77 ---
2025-09-22 11:59:41
CONTAINER ID   NAME           CPU %     MEM USAGE / LIMIT   MEM %     NET I/O           BLOCK I/O   PIDS
3db4ffbd1425   medapp-app-1   42.07%    371.8MiB / 512MiB   72.61%    1.99GB / 2.74GB   0B / 0B     224
f08e12c0ab44   postgres       15.45%    62.26MiB / 256MiB   24.32%    195MB / 1.63GB    0B / 0B     16
--- END OF SAMPLE 78 ---
2025-09-22 11:59:51
CONTAINER ID   NAME           CPU %     MEM USAGE / LIMIT   MEM %     NET I/O           BLOCK I/O   PIDS
3db4ffbd1425   medapp-app-1   40.25%    371.8MiB / 512MiB   72.61%    2.02GB / 2.78GB   0B / 0B     224
f08e12c0ab44   postgres       14.00%    62.26MiB / 256MiB   24.32%    197MB / 1.65GB    0B / 0B     16
--- END OF SAMPLE 79 ---
2025-09-22 11:59:59
CONTAINER ID   NAME           CPU %     MEM USAGE / LIMIT   MEM %     NET I/O           BLOCK I/O   PIDS
3db4ffbd1425   medapp-app-1   39.37%    371.3MiB / 512MiB   72.52%    2.05GB / 2.82GB   0B / 0B     224
f08e12c0ab44   postgres       15.78%    63.36MiB / 256MiB   24.75%    200MB / 1.68GB    0B / 0B     16
--- END OF SAMPLE 80 ---
2025-09-22 12:00:07
CONTAINER ID   NAME           CPU %     MEM USAGE / LIMIT   MEM %     NET I/O           BLOCK I/O   PIDS
3db4ffbd1425   medapp-app-1   45.69%    371.3MiB / 512MiB   72.52%    2.08GB / 2.86GB   0B / 0B     224
f08e12c0ab44   postgres       18.32%    63.36MiB / 256MiB   24.75%    202MB / 1.7GB     0B / 0B     16
--- END OF SAMPLE 81 ---
2025-09-22 12:00:13
CONTAINER ID   NAME           CPU %     MEM USAGE / LIMIT   MEM %     NET I/O           BLOCK I/O   PIDS
3db4ffbd1425   medapp-app-1   43.01%    371.3MiB / 512MiB   72.52%    2.11GB / 2.91GB   0B / 0B     224
f08e12c0ab44   postgres       17.19%    63.37MiB / 256MiB   24.75%    204MB / 1.73GB    0B / 0B     16
--- END OF SAMPLE 82 ---
2025-09-22 12:00:23
CONTAINER ID   NAME           CPU %     MEM USAGE / LIMIT   MEM %     NET I/O           BLOCK I/O   PIDS
3db4ffbd1425   medapp-app-1   42.24%    371.3MiB / 512MiB   72.52%    2.14GB / 2.95GB   0B / 0B     224
f08e12c0ab44   postgres       17.06%    63.37MiB / 256MiB   24.75%    207MB / 1.76GB    0B / 0B     16
--- END OF SAMPLE 83 ---
2025-09-22 12:00:31
CONTAINER ID   NAME           CPU %     MEM USAGE / LIMIT   MEM %     NET I/O           BLOCK I/O   PIDS
3db4ffbd1425   medapp-app-1   38.10%    370.9MiB / 512MiB   72.45%    2.17GB / 2.99GB   0B / 0B     224
f08e12c0ab44   postgres       16.97%    63.02MiB / 256MiB   24.62%    210MB / 1.79GB    0B / 0B     16
--- END OF SAMPLE 84 ---
2025-09-22 12:00:38
CONTAINER ID   NAME           CPU %     MEM USAGE / LIMIT   MEM %     NET I/O           BLOCK I/O   PIDS
3db4ffbd1425   medapp-app-1   40.97%    371MiB / 512MiB     72.45%    2.21GB / 3.04GB   0B / 0B     224
f08e12c0ab44   postgres       16.18%    63.02MiB / 256MiB   24.62%    212MB / 1.81GB    0B / 0B     16
--- END OF SAMPLE 85 ---
2025-09-22 12:00:46
CONTAINER ID   NAME           CPU %     MEM USAGE / LIMIT   MEM %     NET I/O           BLOCK I/O   PIDS
3db4ffbd1425   medapp-app-1   20.72%    371.4MiB / 512MiB   72.53%    2.23GB / 3.08GB   0B / 0B     224
f08e12c0ab44   postgres       7.65%     63.02MiB / 256MiB   24.62%    215MB / 1.83GB    0B / 0B     16
--- END OF SAMPLE 86 ---
2025-09-22 12:00:53
CONTAINER ID   NAME           CPU %     MEM USAGE / LIMIT   MEM %     NET I/O           BLOCK I/O   PIDS
3db4ffbd1425   medapp-app-1   38.93%    371.9MiB / 512MiB   72.64%    2.26GB / 3.12GB   0B / 0B     224
f08e12c0ab44   postgres       16.04%    63.02MiB / 256MiB   24.62%    217MB / 1.86GB    0B / 0B     16
--- END OF SAMPLE 87 ---
2025-09-22 12:01:03
CONTAINER ID   NAME           CPU %     MEM USAGE / LIMIT   MEM %     NET I/O           BLOCK I/O   PIDS
3db4ffbd1425   medapp-app-1   43.08%    371.9MiB / 512MiB   72.63%    2.29GB / 3.16GB   0B / 0B     224
f08e12c0ab44   postgres       19.69%    63.09MiB / 256MiB   24.64%    219MB / 1.88GB    0B / 0B     16
--- END OF SAMPLE 88 ---
2025-09-22 12:01:10
CONTAINER ID   NAME           CPU %     MEM USAGE / LIMIT   MEM %     NET I/O          BLOCK I/O   PIDS
3db4ffbd1425   medapp-app-1   43.93%    371.9MiB / 512MiB   72.63%    2.32GB / 3.2GB   0B / 0B     224
f08e12c0ab44   postgres       18.95%    63.09MiB / 256MiB   24.64%    223MB / 1.91GB   0B / 0B     16
--- END OF SAMPLE 89 ---
2025-09-22 12:01:18
CONTAINER ID   NAME           CPU %     MEM USAGE / LIMIT   MEM %     NET I/O           BLOCK I/O   PIDS
3db4ffbd1425   medapp-app-1   39.53%    371.9MiB / 512MiB   72.63%    2.36GB / 3.25GB   0B / 0B     224
f08e12c0ab44   postgres       18.34%    63.06MiB / 256MiB   24.63%    225MB / 1.94GB    0B / 0B     16
--- END OF SAMPLE 90 ---
2025-09-22 12:01:25
CONTAINER ID   NAME           CPU %     MEM USAGE / LIMIT   MEM %     NET I/O           BLOCK I/O   PIDS
3db4ffbd1425   medapp-app-1   41.87%    371.9MiB / 512MiB   72.64%    2.39GB / 3.29GB   0B / 0B     224
f08e12c0ab44   postgres       17.48%    63.06MiB / 256MiB   24.63%    228MB / 1.96GB    0B / 0B     16
--- END OF SAMPLE 91 ---
2025-09-22 12:01:35
CONTAINER ID   NAME           CPU %     MEM USAGE / LIMIT   MEM %     NET I/O           BLOCK I/O   PIDS
3db4ffbd1425   medapp-app-1   43.30%    371.9MiB / 512MiB   72.64%    2.42GB / 3.33GB   0B / 0B     224
f08e12c0ab44   postgres       18.15%    63.1MiB / 256MiB    24.65%    231MB / 1.99GB    0B / 0B     16
--- END OF SAMPLE 92 ---
2025-09-22 12:01:42
CONTAINER ID   NAME           CPU %     MEM USAGE / LIMIT   MEM %     NET I/O           BLOCK I/O   PIDS
3db4ffbd1425   medapp-app-1   37.98%    371.9MiB / 512MiB   72.64%    2.44GB / 3.37GB   0B / 0B     224
f08e12c0ab44   postgres       15.80%    63.12MiB / 256MiB   24.66%    233MB / 2.01GB    0B / 0B     16
--- END OF SAMPLE 93 ---
2025-09-22 12:01:50
CONTAINER ID   NAME           CPU %     MEM USAGE / LIMIT   MEM %     NET I/O           BLOCK I/O   PIDS
3db4ffbd1425   medapp-app-1   35.15%    373.1MiB / 512MiB   72.86%    2.47GB / 3.41GB   0B / 0B     224
f08e12c0ab44   postgres       15.57%    62.9MiB / 256MiB    24.57%    236MB / 2.04GB    0B / 0B     16
--- END OF SAMPLE 94 ---
2025-09-22 12:01:58
CONTAINER ID   NAME           CPU %     MEM USAGE / LIMIT   MEM %     NET I/O          BLOCK I/O   PIDS
3db4ffbd1425   medapp-app-1   47.35%    373.2MiB / 512MiB   72.89%    2.5GB / 3.45GB   0B / 0B     224
f08e12c0ab44   postgres       19.73%    63.01MiB / 256MiB   24.61%    238MB / 2.06GB   0B / 0B     16
--- END OF SAMPLE 95 ---
2025-09-22 12:02:07
CONTAINER ID   NAME           CPU %     MEM USAGE / LIMIT   MEM %     NET I/O          BLOCK I/O   PIDS
3db4ffbd1425   medapp-app-1   41.92%    373.2MiB / 512MiB   72.90%    2.53GB / 3.5GB   0B / 0B     224
f08e12c0ab44   postgres       17.27%    63.04MiB / 256MiB   24.62%    241MB / 2.09GB   0B / 0B     16
--- END OF SAMPLE 96 ---
2025-09-22 12:02:14
CONTAINER ID   NAME           CPU %     MEM USAGE / LIMIT   MEM %     NET I/O           BLOCK I/O   PIDS
3db4ffbd1425   medapp-app-1   42.83%    373.3MiB / 512MiB   72.91%    2.56GB / 3.54GB   0B / 0B     224
f08e12c0ab44   postgres       17.36%    63.07MiB / 256MiB   24.64%    243MB / 2.11GB    0B / 0B     16
--- END OF SAMPLE 97 ---
2025-09-22 12:02:22
CONTAINER ID   NAME           CPU %     MEM USAGE / LIMIT   MEM %     NET I/O          BLOCK I/O   PIDS
3db4ffbd1425   medapp-app-1   40.94%    373.3MiB / 512MiB   72.91%    2.6GB / 3.58GB   0B / 0B     224
f08e12c0ab44   postgres       17.94%    63.09MiB / 256MiB   24.65%    246MB / 2.14GB   0B / 0B     16
--- END OF SAMPLE 98 ---
2025-09-22 12:02:29
CONTAINER ID   NAME           CPU %     MEM USAGE / LIMIT   MEM %     NET I/O           BLOCK I/O   PIDS
3db4ffbd1425   medapp-app-1   46.16%    373.3MiB / 512MiB   72.91%    2.62GB / 3.62GB   0B / 0B     224
f08e12c0ab44   postgres       16.65%    63.12MiB / 256MiB   24.66%    249MB / 2.17GB    0B / 0B     16
--- END OF SAMPLE 99 ---
2025-09-22 12:02:39
CONTAINER ID   NAME           CPU %     MEM USAGE / LIMIT   MEM %     NET I/O           BLOCK I/O   PIDS
3db4ffbd1425   medapp-app-1   40.99%    373.4MiB / 512MiB   72.92%    2.66GB / 3.67GB   0B / 0B     224
f08e12c0ab44   postgres       16.24%    63.14MiB / 256MiB   24.66%    251MB / 2.19GB    0B / 0B     16
--- END OF SAMPLE 100 ---
2025-09-22 12:02:47
CONTAINER ID   NAME           CPU %     MEM USAGE / LIMIT   MEM %     NET I/O          BLOCK I/O   PIDS
3db4ffbd1425   medapp-app-1   36.55%    374.8MiB / 512MiB   73.21%    2.68GB / 3.7GB   0B / 0B     224
f08e12c0ab44   postgres       14.81%    62.92MiB / 256MiB   24.58%    254MB / 2.21GB   0B / 0B     16
--- END OF SAMPLE 101 ---
2025-09-22 12:02:54
CONTAINER ID   NAME           CPU %     MEM USAGE / LIMIT   MEM %     NET I/O          BLOCK I/O   PIDS
3db4ffbd1425   medapp-app-1   46.62%    374.9MiB / 512MiB   73.21%    2.7GB / 3.73GB   0B / 0B     224
f08e12c0ab44   postgres       19.11%    62.93MiB / 256MiB   24.58%    255MB / 2.23GB   0B / 0B     16
--- END OF SAMPLE 102 ---
2025-09-22 12:03:01
CONTAINER ID   NAME           CPU %     MEM USAGE / LIMIT   MEM %     NET I/O           BLOCK I/O   PIDS
3db4ffbd1425   medapp-app-1   42.22%    374.9MiB / 512MiB   73.23%    2.74GB / 3.78GB   0B / 0B     224
f08e12c0ab44   postgres       18.76%    62.93MiB / 256MiB   24.58%    258MB / 2.25GB    0B / 0B     16
--- END OF SAMPLE 103 ---
2025-09-22 12:03:11
CONTAINER ID   NAME           CPU %     MEM USAGE / LIMIT   MEM %     NET I/O           BLOCK I/O   PIDS
3db4ffbd1425   medapp-app-1   40.43%    376.4MiB / 512MiB   73.51%    2.77GB / 3.82GB   0B / 0B     224
f08e12c0ab44   postgres       17.36%    62.36MiB / 256MiB   24.36%    261MB / 2.28GB    0B / 0B     16
--- END OF SAMPLE 104 ---
2025-09-22 12:03:19
CONTAINER ID   NAME           CPU %     MEM USAGE / LIMIT   MEM %     NET I/O          BLOCK I/O   PIDS
3db4ffbd1425   medapp-app-1   39.21%    376.7MiB / 512MiB   73.57%    2.8GB / 3.86GB   0B / 0B     224
f08e12c0ab44   postgres       17.09%    62.4MiB / 256MiB    24.37%    264MB / 2.31GB   0B / 0B     16
--- END OF SAMPLE 105 ---
2025-09-22 12:03:25
CONTAINER ID   NAME           CPU %     MEM USAGE / LIMIT   MEM %     NET I/O          BLOCK I/O   PIDS
3db4ffbd1425   medapp-app-1   37.15%    376.7MiB / 512MiB   73.57%    2.83GB / 3.9GB   0B / 0B     224
f08e12c0ab44   postgres       15.75%    62.41MiB / 256MiB   24.38%    266MB / 2.33GB   0B / 0B     16
--- END OF SAMPLE 106 ---
2025-09-22 12:03:32
CONTAINER ID   NAME           CPU %     MEM USAGE / LIMIT   MEM %     NET I/O           BLOCK I/O   PIDS
3db4ffbd1425   medapp-app-1   14.46%    377.1MiB / 512MiB   73.64%    2.85GB / 3.93GB   0B / 0B     224
f08e12c0ab44   postgres       16.66%    62.29MiB / 256MiB   24.33%    269MB / 2.35GB    0B / 0B     16
--- END OF SAMPLE 107 ---
2025-09-22 12:03:43
CONTAINER ID   NAME           CPU %     MEM USAGE / LIMIT   MEM %     NET I/O           BLOCK I/O   PIDS
3db4ffbd1425   medapp-app-1   34.39%    379.5MiB / 512MiB   74.11%    2.88GB / 3.98GB   0B / 0B     224
f08e12c0ab44   postgres       16.76%    62.47MiB / 256MiB   24.40%    271MB / 2.37GB    0B / 0B     16
--- END OF SAMPLE 108 ---
2025-09-22 12:03:50
CONTAINER ID   NAME           CPU %     MEM USAGE / LIMIT   MEM %     NET I/O           BLOCK I/O   PIDS
3db4ffbd1425   medapp-app-1   18.78%    379.5MiB / 512MiB   74.11%    2.91GB / 4.01GB   0B / 0B     224
f08e12c0ab44   postgres       6.68%     62.47MiB / 256MiB   24.40%    273MB / 2.4GB     0B / 0B     16
--- END OF SAMPLE 109 ---
2025-09-22 12:03:58
CONTAINER ID   NAME           CPU %     MEM USAGE / LIMIT   MEM %     NET I/O           BLOCK I/O   PIDS
3db4ffbd1425   medapp-app-1   37.87%    379.5MiB / 512MiB   74.12%    2.94GB / 4.06GB   0B / 0B     224
f08e12c0ab44   postgres       18.68%    62.47MiB / 256MiB   24.40%    276MB / 2.42GB    0B / 0B     16
--- END OF SAMPLE 110 ---
2025-09-22 12:04:05
CONTAINER ID   NAME           CPU %     MEM USAGE / LIMIT   MEM %     NET I/O           BLOCK I/O   PIDS
3db4ffbd1425   medapp-app-1   42.66%    379.5MiB / 512MiB   74.12%    2.97GB / 4.09GB   0B / 0B     224
f08e12c0ab44   postgres       17.78%    62.33MiB / 256MiB   24.35%    279MB / 2.45GB    0B / 0B     16
--- END OF SAMPLE 111 ---
2025-09-22 12:04:16
CONTAINER ID   NAME           CPU %     MEM USAGE / LIMIT   MEM %     NET I/O          BLOCK I/O   PIDS
3db4ffbd1425   medapp-app-1   33.54%    379.3MiB / 512MiB   74.07%    3GB / 4.14GB     0B / 0B     224
f08e12c0ab44   postgres       14.04%    62.43MiB / 256MiB   24.39%    282MB / 2.47GB   0B / 0B     16
--- END OF SAMPLE 112 ---
2025-09-22 12:04:23
CONTAINER ID   NAME           CPU %     MEM USAGE / LIMIT   MEM %     NET I/O           BLOCK I/O   PIDS
3db4ffbd1425   medapp-app-1   39.73%    379.3MiB / 512MiB   74.08%    3.03GB / 4.18GB   0B / 0B     224
f08e12c0ab44   postgres       14.78%    62.46MiB / 256MiB   24.40%    284MB / 2.5GB     0B / 0B     16
--- END OF SAMPLE 113 ---
2025-09-22 12:04:30
CONTAINER ID   NAME           CPU %     MEM USAGE / LIMIT   MEM %     NET I/O           BLOCK I/O   PIDS
3db4ffbd1425   medapp-app-1   39.33%    378.9MiB / 512MiB   74.01%    3.05GB / 4.22GB   0B / 0B     224
f08e12c0ab44   postgres       14.14%    62.43MiB / 256MiB   24.39%    287MB / 2.52GB    0B / 0B     16
--- END OF SAMPLE 114 ---
2025-09-22 12:04:38
CONTAINER ID   NAME           CPU %     MEM USAGE / LIMIT   MEM %     NET I/O           BLOCK I/O   PIDS
3db4ffbd1425   medapp-app-1   40.28%    378.9MiB / 512MiB   74.01%    3.08GB / 4.26GB   0B / 0B     224
f08e12c0ab44   postgres       16.03%    62.55MiB / 256MiB   24.43%    289MB / 2.54GB    0B / 0B     16
--- END OF SAMPLE 115 ---
2025-09-22 12:04:48
CONTAINER ID   NAME           CPU %     MEM USAGE / LIMIT   MEM %     NET I/O          BLOCK I/O   PIDS
3db4ffbd1425   medapp-app-1   4.94%     378.9MiB / 512MiB   74.01%    3.1GB / 4.28GB   0B / 0B     224
f08e12c0ab44   postgres       2.13%     62.61MiB / 256MiB   24.46%    291MB / 2.56GB   0B / 0B     16
--- END OF SAMPLE 116 ---
2025-09-22 12:04:55
CONTAINER ID   NAME           CPU %     MEM USAGE / LIMIT   MEM %     NET I/O           BLOCK I/O   PIDS
3db4ffbd1425   medapp-app-1   42.30%    378.9MiB / 512MiB   74.01%    3.13GB / 4.33GB   0B / 0B     224
f08e12c0ab44   postgres       18.27%    62.61MiB / 256MiB   24.46%    294MB / 2.59GB    0B / 0B     16
--- END OF SAMPLE 117 ---
2025-09-22 12:05:02
CONTAINER ID   NAME           CPU %     MEM USAGE / LIMIT   MEM %     NET I/O           BLOCK I/O   PIDS
3db4ffbd1425   medapp-app-1   40.52%    378.9MiB / 512MiB   74.01%    3.16GB / 4.37GB   0B / 0B     224
f08e12c0ab44   postgres       17.52%    62.6MiB / 256MiB    24.45%    297MB / 2.61GB    0B / 0B     16
--- END OF SAMPLE 118 ---
2025-09-22 12:05:10
CONTAINER ID   NAME           CPU %     MEM USAGE / LIMIT   MEM %     NET I/O           BLOCK I/O   PIDS
3db4ffbd1425   medapp-app-1   39.40%    378.9MiB / 512MiB   74.01%    3.19GB / 4.41GB   0B / 0B     224
f08e12c0ab44   postgres       18.13%    62.6MiB / 256MiB    24.45%    300MB / 2.63GB    0B / 0B     16
--- END OF SAMPLE 119 ---
2025-09-22 12:05:20
CONTAINER ID   NAME           CPU %     MEM USAGE / LIMIT   MEM %     NET I/O           BLOCK I/O   PIDS
3db4ffbd1425   medapp-app-1   39.42%    378.9MiB / 512MiB   74.01%    3.22GB / 4.44GB   0B / 0B     224
f08e12c0ab44   postgres       16.83%    62.6MiB / 256MiB    24.45%    302MB / 2.66GB    0B / 0B     16
--- END OF SAMPLE 120 ---
2025-09-22 12:05:27
CONTAINER ID   NAME           CPU %     MEM USAGE / LIMIT   MEM %     NET I/O           BLOCK I/O   PIDS
3db4ffbd1425   medapp-app-1   38.66%    378.9MiB / 512MiB   74.00%    3.24GB / 4.48GB   0B / 0B     224
f08e12c0ab44   postgres       15.74%    62.61MiB / 256MiB   24.46%    305MB / 2.68GB    0B / 0B     16
--- END OF SAMPLE 121 ---
2025-09-22 12:05:35
CONTAINER ID   NAME           CPU %     MEM USAGE / LIMIT   MEM %     NET I/O           BLOCK I/O   PIDS
3db4ffbd1425   medapp-app-1   39.08%    378.9MiB / 512MiB   74.01%    3.27GB / 4.52GB   0B / 0B     224
f08e12c0ab44   postgres       16.54%    62.61MiB / 256MiB   24.46%    308MB / 2.7GB     0B / 0B     16
--- END OF SAMPLE 122 ---
2025-09-22 12:05:42
CONTAINER ID   NAME           CPU %     MEM USAGE / LIMIT   MEM %     NET I/O           BLOCK I/O   PIDS
3db4ffbd1425   medapp-app-1   3.29%     378.9MiB / 512MiB   74.01%    3.29GB / 4.55GB   0B / 0B     224
f08e12c0ab44   postgres       11.90%    62.61MiB / 256MiB   24.46%    310MB / 2.72GB    0B / 0B     16
--- END OF SAMPLE 123 ---
2025-09-22 12:05:53
CONTAINER ID   NAME           CPU %     MEM USAGE / LIMIT   MEM %     NET I/O           BLOCK I/O   PIDS
3db4ffbd1425   medapp-app-1   40.92%    378.9MiB / 512MiB   74.01%    3.32GB / 4.58GB   0B / 0B     224
f08e12c0ab44   postgres       18.01%    62.62MiB / 256MiB   24.46%    313MB / 2.74GB    0B / 0B     16
--- END OF SAMPLE 124 ---
2025-09-22 12:06:00
CONTAINER ID   NAME           CPU %     MEM USAGE / LIMIT   MEM %     NET I/O           BLOCK I/O   PIDS
3db4ffbd1425   medapp-app-1   41.11%    378.9MiB / 512MiB   74.01%    3.35GB / 4.63GB   0B / 0B     224
f08e12c0ab44   postgres       17.43%    62.61MiB / 256MiB   24.46%    315MB / 2.76GB    0B / 0B     16
--- END OF SAMPLE 125 ---
2025-09-22 12:06:08
CONTAINER ID   NAME           CPU %     MEM USAGE / LIMIT   MEM %     NET I/O           BLOCK I/O   PIDS
3db4ffbd1425   medapp-app-1   43.08%    378.9MiB / 512MiB   74.01%    3.38GB / 4.66GB   0B / 0B     224
f08e12c0ab44   postgres       16.92%    62.61MiB / 256MiB   24.46%    318MB / 2.79GB    0B / 0B     16
--- END OF SAMPLE 126 ---
2025-09-22 12:06:15
CONTAINER ID   NAME           CPU %     MEM USAGE / LIMIT   MEM %     NET I/O          BLOCK I/O   PIDS
3db4ffbd1425   medapp-app-1   34.74%    378.9MiB / 512MiB   74.01%    3.4GB / 4.7GB    0B / 0B     224
f08e12c0ab44   postgres       14.48%    62.61MiB / 256MiB   24.46%    321MB / 2.81GB   0B / 0B     16
--- END OF SAMPLE 127 ---
2025-09-22 12:06:26
CONTAINER ID   NAME           CPU %     MEM USAGE / LIMIT   MEM %     NET I/O           BLOCK I/O   PIDS
3db4ffbd1425   medapp-app-1   34.42%    379MiB / 512MiB     74.02%    3.43GB / 4.73GB   0B / 0B     224
f08e12c0ab44   postgres       14.72%    62.58MiB / 256MiB   24.45%    323MB / 2.83GB    0B / 0B     16
--- END OF SAMPLE 128 ---
2025-09-22 12:06:33
CONTAINER ID   NAME           CPU %     MEM USAGE / LIMIT   MEM %     NET I/O           BLOCK I/O   PIDS
3db4ffbd1425   medapp-app-1   36.26%    378.9MiB / 512MiB   74.01%    3.45GB / 4.76GB   0B / 0B     224
f08e12c0ab44   postgres       17.48%    62.6MiB / 256MiB    24.45%    326MB / 2.85GB    0B / 0B     16
--- END OF SAMPLE 129 ---
2025-09-22 12:06:40
CONTAINER ID   NAME           CPU %     MEM USAGE / LIMIT   MEM %     NET I/O           BLOCK I/O   PIDS
3db4ffbd1425   medapp-app-1   4.48%     378.9MiB / 512MiB   74.00%    3.47GB / 4.79GB   0B / 0B     224
f08e12c0ab44   postgres       16.38%    62.6MiB / 256MiB    24.45%    328MB / 2.86GB    0B / 0B     16
--- END OF SAMPLE 130 ---
2025-09-22 12:06:48
CONTAINER ID   NAME           CPU %     MEM USAGE / LIMIT   MEM %     NET I/O          BLOCK I/O   PIDS
3db4ffbd1425   medapp-app-1   39.72%    378.9MiB / 512MiB   74.01%    3.5GB / 4.82GB   0B / 0B     224
f08e12c0ab44   postgres       17.52%    62.6MiB / 256MiB    24.45%    331MB / 2.89GB   0B / 0B     16
--- END OF SAMPLE 131 ---
2025-09-22 12:06:58
CONTAINER ID   NAME           CPU %     MEM USAGE / LIMIT   MEM %     NET I/O           BLOCK I/O   PIDS
3db4ffbd1425   medapp-app-1   41.26%    378.9MiB / 512MiB   74.01%    3.52GB / 4.86GB   0B / 0B     224
f08e12c0ab44   postgres       17.81%    62.61MiB / 256MiB   24.46%    333MB / 2.91GB    0B / 0B     16
--- END OF SAMPLE 132 ---
2025-09-22 12:07:05
CONTAINER ID   NAME           CPU %     MEM USAGE / LIMIT   MEM %     NET I/O          BLOCK I/O   PIDS
3db4ffbd1425   medapp-app-1   41.02%    378.9MiB / 512MiB   74.01%    3.55GB / 4.9GB   0B / 0B     224
f08e12c0ab44   postgres       17.87%    62.59MiB / 256MiB   24.45%    336MB / 2.92GB   0B / 0B     16
--- END OF SAMPLE 133 ---
2025-09-22 12:07:12
CONTAINER ID   NAME           CPU %     MEM USAGE / LIMIT   MEM %     NET I/O           BLOCK I/O   PIDS
3db4ffbd1425   medapp-app-1   39.58%    378.9MiB / 512MiB   74.01%    3.57GB / 4.93GB   0B / 0B     224
f08e12c0ab44   postgres       17.59%    62.6MiB / 256MiB    24.45%    338MB / 2.94GB    0B / 0B     16
--- END OF SAMPLE 134 ---
2025-09-22 12:07:20
CONTAINER ID   NAME           CPU %     MEM USAGE / LIMIT   MEM %     NET I/O           BLOCK I/O   PIDS
3db4ffbd1425   medapp-app-1   34.56%    379.1MiB / 512MiB   74.04%    3.59GB / 4.96GB   0B / 0B     224
f08e12c0ab44   postgres       12.22%    62.58MiB / 256MiB   24.44%    341MB / 2.96GB    0B / 0B     16
--- END OF SAMPLE 135 ---
2025-09-22 12:07:30
CONTAINER ID   NAME           CPU %     MEM USAGE / LIMIT   MEM %     NET I/O           BLOCK I/O   PIDS
3db4ffbd1425   medapp-app-1   37.01%    379MiB / 512MiB     74.02%    3.62GB / 4.99GB   0B / 0B     224
f08e12c0ab44   postgres       15.85%    62.58MiB / 256MiB   24.44%    343MB / 2.98GB    0B / 0B     16
--- END OF SAMPLE 136 ---
2025-09-22 12:07:38
CONTAINER ID   NAME           CPU %     MEM USAGE / LIMIT   MEM %     NET I/O           BLOCK I/O   PIDS
3db4ffbd1425   medapp-app-1   25.48%    378.9MiB / 512MiB   74.01%    3.64GB / 5.02GB   0B / 0B     224
f08e12c0ab44   postgres       10.16%    62.59MiB / 256MiB   24.45%    346MB / 3GB       0B / 0B     16
--- END OF SAMPLE 137 ---
2025-09-22 12:07:44
CONTAINER ID   NAME           CPU %     MEM USAGE / LIMIT   MEM %     NET I/O           BLOCK I/O   PIDS
3db4ffbd1425   medapp-app-1   39.65%    379MiB / 512MiB     74.02%    3.66GB / 5.05GB   0B / 0B     224
f08e12c0ab44   postgres       17.41%    62.59MiB / 256MiB   24.45%    348MB / 3.01GB    0B / 0B     16
--- END OF SAMPLE 138 ---
2025-09-22 12:07:52
CONTAINER ID   NAME           CPU %     MEM USAGE / LIMIT   MEM %     NET I/O           BLOCK I/O   PIDS
3db4ffbd1425   medapp-app-1   38.29%    378.9MiB / 512MiB   74.01%    3.68GB / 5.08GB   0B / 0B     224
f08e12c0ab44   postgres       17.91%    62.59MiB / 256MiB   24.45%    351MB / 3.03GB    0B / 0B     16
--- END OF SAMPLE 139 ---
2025-09-22 12:08:02
CONTAINER ID   NAME           CPU %     MEM USAGE / LIMIT   MEM %     NET I/O           BLOCK I/O   PIDS
3db4ffbd1425   medapp-app-1   35.86%    379MiB / 512MiB     74.02%    3.71GB / 5.11GB   0B / 0B     224
f08e12c0ab44   postgres       17.36%    62.59MiB / 256MiB   24.45%    354MB / 3.05GB    0B / 0B     16
--- END OF SAMPLE 140 ---
2025-09-22 12:08:09
CONTAINER ID   NAME           CPU %     MEM USAGE / LIMIT   MEM %     NET I/O           BLOCK I/O   PIDS
3db4ffbd1425   medapp-app-1   33.36%    379MiB / 512MiB     74.02%    3.72GB / 5.13GB   0B / 0B     224
f08e12c0ab44   postgres       16.54%    62.59MiB / 256MiB   24.45%    357MB / 3.06GB    0B / 0B     16
--- END OF SAMPLE 141 ---
2025-09-22 12:08:17
CONTAINER ID   NAME           CPU %     MEM USAGE / LIMIT   MEM %     NET I/O           BLOCK I/O   PIDS
3db4ffbd1425   medapp-app-1   33.98%    379MiB / 512MiB     74.02%    3.74GB / 5.16GB   0B / 0B     224
f08e12c0ab44   postgres       14.78%    62.6MiB / 256MiB    24.45%    359MB / 3.08GB    0B / 0B     16
--- END OF SAMPLE 142 ---
2025-09-22 12:08:24
CONTAINER ID   NAME           CPU %     MEM USAGE / LIMIT   MEM %     NET I/O           BLOCK I/O   PIDS
3db4ffbd1425   medapp-app-1   36.36%    379MiB / 512MiB     74.02%    3.76GB / 5.18GB   0B / 0B     224
f08e12c0ab44   postgres       15.80%    62.6MiB / 256MiB    24.45%    361MB / 3.09GB    0B / 0B     16
--- END OF SAMPLE 143 ---
2025-09-22 12:08:31
CONTAINER ID   NAME           CPU %     MEM USAGE / LIMIT   MEM %     NET I/O           BLOCK I/O   PIDS
3db4ffbd1425   medapp-app-1   35.94%    379MiB / 512MiB     74.02%    3.78GB / 5.21GB   0B / 0B     224
f08e12c0ab44   postgres       15.36%    62.59MiB / 256MiB   24.45%    364MB / 3.1GB     0B / 0B     16
--- END OF SAMPLE 144 ---
2025-09-22 12:08:41
CONTAINER ID   NAME           CPU %     MEM USAGE / LIMIT   MEM %     NET I/O           BLOCK I/O   PIDS
3db4ffbd1425   medapp-app-1   40.49%    379MiB / 512MiB     74.02%    3.79GB / 5.23GB   0B / 0B     224
f08e12c0ab44   postgres       16.69%    62.66MiB / 256MiB   24.48%    366MB / 3.11GB    0B / 0B     16
--- END OF SAMPLE 145 ---
2025-09-22 12:08:49
CONTAINER ID   NAME           CPU %     MEM USAGE / LIMIT   MEM %     NET I/O           BLOCK I/O   PIDS
3db4ffbd1425   medapp-app-1   39.08%    379MiB / 512MiB     74.02%    3.81GB / 5.25GB   0B / 0B     224
f08e12c0ab44   postgres       15.72%    62.65MiB / 256MiB   24.47%    369MB / 3.12GB    0B / 0B     16
--- END OF SAMPLE 146 ---
2025-09-22 12:08:57
CONTAINER ID   NAME           CPU %     MEM USAGE / LIMIT   MEM %     NET I/O           BLOCK I/O   PIDS
3db4ffbd1425   medapp-app-1   38.25%    379MiB / 512MiB     74.02%    3.82GB / 5.27GB   0B / 0B     224
f08e12c0ab44   postgres       16.94%    62.64MiB / 256MiB   24.47%    372MB / 3.13GB    0B / 0B     16
--- END OF SAMPLE 147 ---
2025-09-22 12:09:03
CONTAINER ID   NAME           CPU %     MEM USAGE / LIMIT   MEM %     NET I/O           BLOCK I/O   PIDS
3db4ffbd1425   medapp-app-1   0.10%     378.9MiB / 512MiB   74.00%    3.83GB / 5.27GB   0B / 0B     223
f08e12c0ab44   postgres       0.02%     62.64MiB / 256MiB   24.47%    373MB / 3.14GB    0B / 0B     16
--- END OF SAMPLE 148 ---
